// Jest Snapshot v1, https://goo.gl/fbAQLP

exports[`ProgressBar Snapshot test 1`] = `
Array [
  <div
    className="sc-bdVaJa gPWuut"
  >
    <div
      className="sc-bwzfXH kpsefM"
      id="bar"
    />
  </div>,
  <br />,
  <button
    onClick={[Function]}
    type="button"
  >
    Click
  </button>,
]
`;

exports[`ProgressBar When it clicks button, width of progress bar changes from 
  0% to 100%. 1`] = `
Array [
  <div
    className="sc-bdVaJa gPWuut"
  >
    <div
      className="sc-bwzfXH kpsefM"
      id="bar"
    />
  </div>,
  <br />,
  <button
    onClick={[Function]}
    type="button"
  >
    Click
  </button>,
]
`;
